[33m--> metta runnable  -->
[36m!(import! &self (library lib_import))
[33m-->  prolog goal  -->[35m 
:- findall(A,
           ( library(lib_import, B),
             'import!'('&self', B, A)
           ),
           _).
[33m^^^^^^^^^^^^^^^^^^^^^^^
[0m[33m--> metta runnable  -->
[36m!(import_prolog_function consult)
[33m-->  prolog goal  -->[35m 
:- findall(A, import_prolog_function(consult, A), _).
[33m^^^^^^^^^^^^^^^^^^^^^^^
[0m[33m--> metta function -->
[36m(= (import_prolog_functions_from_file $prologfile $importfunctions) (let* (($prologfile (exists_file))
                                                                           ($prologfile (consult))
                                                                           ($function (superpose $importfunctions)))
                                                                          (import_prolog_function $function)))
[33m--> prolog clause -->
[32mimport_prolog_functions_from_file(A, B, C) :-
    A=D,
    exists_file(D),
    A=E,
    consult(E),
    F=G,
    superpose(B, G),
    import_prolog_function(F, C).
[33m^^^^^^^^^^^^^^^^^^^^^^
[0m[33m--> metta runnable  -->
[36m!(import_prolog_function use_module)
[33m-->  prolog goal  -->[35m 
:- findall(A, import_prolog_function(use_module, A), _).
[33m^^^^^^^^^^^^^^^^^^^^^^^
[0m[33m--> metta function -->
[36m(= (import_prolog_functions_from_module $prologfile $importfunctions) (let* (($prologfile (exists_file))
                                                                             ($prologfile (use_module))
                                                                             ($function (superpose $importfunctions)))
                                                                            (import_prolog_function $function)))
[33m--> prolog clause -->
[32mimport_prolog_functions_from_module(A, B, C) :-
    A=D,
    exists_file(D),
    A=E,
    use_module(E),
    F=G,
    superpose(B, G),
    import_prolog_function(F, C).
[33m^^^^^^^^^^^^^^^^^^^^^^
[0m[33m--> metta runnable  -->
[36m!(import_prolog_functions_from_file (library lib_import.pl) (static-import! git-import! use-module!))
[33m-->  prolog goal  -->[35m 
:- findall(A,
           ( library('lib_import.pl', B),
             import_prolog_functions_from_file(B,
                                               [ 'static-import!',
                                                 'git-import!',
                                                 'use-module!'
                                               ],
                                               A)
           ),
           _).
[33m^^^^^^^^^^^^^^^^^^^^^^^
[0m[33m--> metta runnable  -->
[36m!(import_prolog_functions_from_file "./effect_membranes/miter_resume.pl" (miter_resume_field miter_resume_registry_count miter_resume_registry_project miter_resume_begin miter_resume_witness miter_resume_answer miter_memory_query miter_continuity_reconstruct))
[33m-->  prolog goal  -->[35m 
:- findall(A,
           import_prolog_functions_from_file("./effect_membranes/miter_resume.pl",
                                             [ miter_resume_field,
                                               miter_resume_registry_count,
                                               miter_resume_registry_project,
                                               miter_resume_begin,
                                               miter_resume_witness,
                                               miter_resume_answer,
                                               miter_memory_query,
                                               miter_continuity_reconstruct
                                             ],
                                             A),
           _).
[33m^^^^^^^^^^^^^^^^^^^^^^^
[0m[33m--> metta runnable  -->
[36m!(import! &self "/Users/claritymiter/miter/src/memory.metta")
[33m-->  prolog goal  -->[35m 
:- findall(A,
           'import!'('&self', "/Users/claritymiter/miter/src/memory.metta", A),
           _).
[33m^^^^^^^^^^^^^^^^^^^^^^^
[0m[33m--> metta function -->
[36m(= (MemoryTypeAllowed $kind)
   (or (or (== $kind project-checkpoint) (== $kind relationship-preference))
       (or (or (== $kind fact) (== $kind decision))
           (or (or (== $kind commitment) (== $kind episode))
               (or (or (== $kind relationship) (== $kind open-question))
                   (or (== $kind learned-procedure) (== $kind developmental-trace)))))))
[33m--> prolog clause -->
[32m'MemoryTypeAllowed'(A, B) :-
    ==(A, 'project-checkpoint', C),
    ==(A, 'relationship-preference', D),
    or(C, D, E),
    ==(A, fact, F),
    ==(A, decision, G),
    or(F, G, H),
    ==(A, commitment, I),
    ==(A, episode, J),
    or(I, J, K),
    ==(A, relationship, L),
    ==(A, 'open-question', M),
    or(L, M, N),
    ==(A, 'learned-procedure', O),
    ==(A, 'developmental-trace', P),
    or(O, P, Q),
    or(N, Q, R),
    or(K, R, S),
    or(H, S, T),
    or(E, T, B).
[33m^^^^^^^^^^^^^^^^^^^^^^
[0m[33m--> metta function -->
[36m(= (MemoryAdmission $kind $durability $provenance $source)
   (if (== $durability transient) rejected-transient
     (if (== $source sources-verified)
       (if (== $durability durable)
         (if (MemoryTypeAllowed $kind)
           (if (or (== $provenance direct-contact) (== $provenance capsule-derived))
             admitted rejected-provenance)
           rejected-type)
         rejected-durability)
       rejected-source)))
[33m--> prolog clause -->
[32m'MemoryAdmission'(A, B, C, D, E) :-
    ==(B, transient, F),
    (   F==true
    ->  E='rejected-transient'
    ;   ==(D, 'sources-verified', G),
        (   G==true
        ->  ==(B, durable, H),
            (   H==true
            ->  'MemoryTypeAllowed'(A, I),
                (   I==true
                ->  ==(C, 'direct-contact', J),
                    ==(C, 'capsule-derived', K),
                    or(J, K, L),
                    (   L==true
                    ->  E=admitted
                    ;   E='rejected-provenance'
                    )
                ;   E='rejected-type'
                )
            ;   E='rejected-durability'
            )
        ;   E='rejected-source'
        )
    ).
[33m^^^^^^^^^^^^^^^^^^^^^^
[0m[33m--> metta function -->
[36m(= (MemoryCandidateRNA $root $extension $candidate)
   (let* (($kind (miter_memory_field $candidate "memory_type"))
          ($durability (miter_memory_field $candidate "durability"))
          ($provenance (miter_memory_field $candidate "provenance_kind"))
          ($source (miter_memory_check_sources $root $candidate))
          ($decision (MemoryAdmission $kind $durability $provenance $source)))
     (if (== $decision admitted)
       (miter_memory_persist $root $extension $candidate)
       (miter_memory_reject $root $extension $candidate $decision))))
[33m--> prolog clause -->
[32m'MemoryCandidateRNA'(A, B, C, D) :-
    E=[miter_memory_field, C, "memory_type"],
    F=[miter_memory_field, C, "durability"],
    G=[miter_memory_field, C, "provenance_kind"],
    H=[miter_memory_check_sources, A, C],
    I=J,
    'MemoryAdmission'(E, F, G, H, J),
    ==(I, admitted, K),
    (   K==true
    ->  D=[miter_memory_persist, A, B, C]
    ;   D=[miter_memory_reject, A, B, C, I]
    ).
[33m^^^^^^^^^^^^^^^^^^^^^^
[0m[33m--> metta function -->
[36m(= (MemoryStanding $root $id)
   (let $count (miter_memory_supersession_count $root $id)
     (if (< $count 0) malformed
       (if (> $count 0) superseded active))))
[33m--> prolog clause -->
[32m'MemoryStanding'(A, B, C) :-
    D=[miter_memory_supersession_count, A, B],
    <(D, 0, E),
    (   E==true
    ->  C=malformed
    ;   >(D, 0, F),
        (   F==true
        ->  C=superseded
        ;   C=active
        )
    ).
[33m^^^^^^^^^^^^^^^^^^^^^^
[0m[33m--> metta function -->
[36m(= (IndexAdmittedMemoryRNA $root $id)
   (let $standing (MemoryStanding $root $id)
     (if (== $standing malformed) memory-integrity-failed
       (miter_memory_index $root $id $standing))))
[33m--> prolog clause -->
[32m'IndexAdmittedMemoryRNA'(A, B, C) :-
    D=E,
    'MemoryStanding'(A, B, E),
    ==(D, malformed, F),
    (   F==true
    ->  C='memory-integrity-failed'
    ;   C=[miter_memory_index, A, B, D]
    ).
[33m^^^^^^^^^^^^^^^^^^^^^^
[0m[33m--> metta function -->
[36m(= (RecallRNA $root $principal $audience $project $standing $text $tag)
   (if (or (== $standing active) (== $standing superseded))
     (miter_memory_query $root $principal $audience $project $standing $text $tag)
     invalid-recall-standing))
[33m--> prolog clause -->
[32m'RecallRNA'(A,
                 B,
                 C,
                 D,
                 E,
                 F,
                 G,
                 H) :-
    ==(E, active, I),
    ==(E, superseded, J),
    or(I, J, K),
    (   K==true
    ->  miter_memory_query(A,
                           B,
                           C,
                           D,
                           E,
                           F,
                           G,
                           H)
    ;   H='invalid-recall-standing'
    ).
[33m^^^^^^^^^^^^^^^^^^^^^^
[0m[33m--> metta runnable  -->
[36m!(import! &self "/Users/claritymiter/miter/src/continuity.metta")
[33m-->  prolog goal  -->[35m 
:- findall(A,
           'import!'('&self',
                     "/Users/claritymiter/miter/src/continuity.metta",
                     A),
           _).
[33m^^^^^^^^^^^^^^^^^^^^^^^
[0m[33m--> metta sexpr -->
[36m(: ProjectContinuity Type)
[33m^^^^^^^^^^^^^^^^^^^
[0m[33m--> metta sexpr -->
[36m(: CapsuleId (-> ProjectContinuity Atom))
[33m^^^^^^^^^^^^^^^^^^^
[0m[33m--> metta sexpr -->
[36m(: ProjectId (-> ProjectContinuity Atom))
[33m^^^^^^^^^^^^^^^^^^^
[0m[33m--> metta sexpr -->
[36m(: CurrentArtifact (-> ProjectContinuity Atom))
[33m^^^^^^^^^^^^^^^^^^^
[0m[33m--> metta sexpr -->
[36m(: ExactLocation (-> ProjectContinuity Atom))
[33m^^^^^^^^^^^^^^^^^^^
[0m[33m--> metta sexpr -->
[36m(: UnresolvedQuestions (-> ProjectContinuity Expression))
[33m^^^^^^^^^^^^^^^^^^^
[0m[33m--> metta sexpr -->
[36m(: NextIntendedMovement (-> ProjectContinuity Atom))
[33m^^^^^^^^^^^^^^^^^^^
[0m[33m--> metta function -->
[36m(= (AppendContinuityCapsule $store-root $runtime-extension $fixture-path)
   (miter_continuity_write_capsule $store-root $runtime-extension $fixture-path))
[33m--> prolog clause -->
[32m'AppendContinuityCapsule'(A,
                               B,
                               C,
                               [ miter_continuity_write_capsule,
                                 A,
                                 B,
                                 C
                               ]).
[33m^^^^^^^^^^^^^^^^^^^^^^
[0m[33m--> metta function -->
[36m(= (SelectCurrentCapsule $store-root $runtime-extension $project-id $capsule-id)
   (miter_continuity_set_current $store-root $runtime-extension $project-id $capsule-id))
[33m--> prolog clause -->
[32m'SelectCurrentCapsule'(A,
                            B,
                            C,
                            D,
                            [ miter_continuity_set_current,
                              A,
                              B,
                              C,
                              D
                            ]).
[33m^^^^^^^^^^^^^^^^^^^^^^
[0m[33m--> metta function -->
[36m(= (RecoverContinuity $store-root $project-id $output-path)
   (miter_continuity_reconstruct $store-root $project-id $output-path))
[33m--> prolog clause -->
[32m'RecoverContinuity'(A, B, C, D) :-
    miter_continuity_reconstruct(A, B, C, D).
[33m^^^^^^^^^^^^^^^^^^^^^^
[0m[33m--> metta function -->
[36m(= (ContinuityRNA $context $mode)
   (let* (($text (miter_resume_field $context "text"))
          ($begin (miter_resume_begin $context)))
     (if (== $begin restart-contact-recorded)
       (if (== $text "Where was I with the book?")
         (if (== (miter_resume_registry_count $context "book") 1)
           (BookContinuityRNA $context $mode)
           continuity-project-ambiguous)
         continuity-intent-unsupported)
       $begin)))
[33m--> prolog clause -->
[32m'ContinuityRNA'(A, B, C) :-
    D=E,
    miter_resume_field(A, "text", E),
    F=G,
    miter_resume_begin(A, G),
    ==(F, 'restart-contact-recorded', H),
    (   H==true
    ->  ==(D, "Where was I with the book?", I),
        (   I==true
        ->  miter_resume_registry_count(A, "book", J),
            ==(J, 1, K),
            (   K==true
            ->  'BookContinuityRNA'(A, B, C)
            ;   C='continuity-project-ambiguous'
            )
        ;   C='continuity-intent-unsupported'
        )
    ;   C=F
    ).
[33m^^^^^^^^^^^^^^^^^^^^^^
[0m[33m--> metta function -->
[36m(= (BookContinuityRNA $context $mode)
   (let* (($project (miter_resume_registry_project $context "book"))
          ($store (miter_resume_field $context "memory_store"))
          ($principal (miter_resume_field $context "principal_scope"))
          ($audience (miter_resume_field $context "audience_scope"))
          ($text (miter_resume_field $context "text"))
          ($tag (miter_resume_field $context "query_tag"))
          ($capsules (miter_resume_field $context "capsule_store"))
          ($output (miter_resume_field $context "capsule_output"))
          ($semantic (if (== $mode chroma-off) semantic-unavailable
                       (RecallRNA $store $principal $audience $project active $text $tag)))
          ($resolved (if (== $mode capsule-off) capsule-resolver-disabled
                       (RecoverContinuity $capsules $project $output)))
          ($witness (if (== $resolved continuity-reconstructed)
                      (miter_resume_witness $context) source-unverified))
          ($certificate (if (and (== $resolved continuity-reconstructed)
                                (== $witness capsule-event-verified))
                          exact-continuity non-authoritative-recall)))
     (miter_resume_answer $context $certificate $semantic)))
[33m--> prolog clause -->
[32m'BookContinuityRNA'(A, B, C) :-
    D=E,
    miter_resume_registry_project(A, "book", E),
    F=G,
    miter_resume_field(A, "memory_store", G),
    H=I,
    miter_resume_field(A, "principal_scope", I),
    J=K,
    miter_resume_field(A, "audience_scope", K),
    L=M,
    miter_resume_field(A, "text", M),
    N=O,
    miter_resume_field(A, "query_tag", O),
    P=Q,
    miter_resume_field(A, "capsule_store", Q),
    R=S,
    miter_resume_field(A, "capsule_output", S),
    T=U,
    ==(B, 'chroma-off', V),
    (   V==true
    ->  U='semantic-unavailable'
    ;   'RecallRNA'(F,
                    H,
                    J,
                    D,
                    active,
                    L,
                    N,
                    U)
    ),
    W=X,
    ==(B, 'capsule-off', Y),
    (   Y==true
    ->  X='capsule-resolver-disabled'
    ;   'RecoverContinuity'(P, D, R, X)
    ),
    Z=A1,
    ==(W, 'continuity-reconstructed', B1),
    (   B1==true
    ->  miter_resume_witness(A, A1)
    ;   A1='source-unverified'
    ),
    C1=D1,
    ==(W, 'continuity-reconstructed', E1),
    ==(Z, 'capsule-event-verified', F1),
    and(E1, F1, G1),
    (   G1==true
    ->  D1='exact-continuity'
    ;   D1='non-authoritative-recall'
    ),
    miter_resume_answer(A, C1, T, C).
[33m^^^^^^^^^^^^^^^^^^^^^^
[0m[33m--> metta runnable  -->
[36m!(ContinuityRNA "runtime/g11/capsule-off/context.json" capsule-off)
[33m-->  prolog goal  -->[35m 
:- findall(A,
           'ContinuityRNA'("runtime/g11/capsule-off/context.json",
                           'capsule-off',
                           A),
           _).
[33m^^^^^^^^^^^^^^^^^^^^^^^
[0mtrue
true
true
true
true
true
true
true
true
true
true
continuity-answer-stored
