{
  "body_field_present":false,
  "credential_lookups":0,
  "effects":0,
  "network_requests":0,
  "outcome": {
    "event": {
      "authorization_ref":"keychain_reference_only",
      "channel_id":"channel_fixture",
      "cursor":1,
      "event_timestamp":1,
      "post_id":"post_fixture",
      "root_id":"",
      "schema":"miter-surface-event-v1",
      "server_id":"server_fixture",
      "team_id":"team_fixture",
      "user_id":"principal_fixture"
    },
    "status":"accepted"
  },
  "state_unchanged":false
}
