[33m--> metta runnable  -->
[36m!(import! &self (library lib_import))
[33m-->  prolog goal  -->[35m 
:- findall(A,
           ( library(lib_import, B),
             'import!'('&self', B, A)
           ),
           _).
[33m^^^^^^^^^^^^^^^^^^^^^^^
[0m[33m--> metta runnable  -->
[36m!(import_prolog_function consult)
[33m-->  prolog goal  -->[35m 
:- findall(A, import_prolog_function(consult, A), _).
[33m^^^^^^^^^^^^^^^^^^^^^^^
[0m[33m--> metta function -->
[36m(= (import_prolog_functions_from_file $prologfile $importfunctions) (let* (($prologfile (exists_file))
                                                                           ($prologfile (consult))
                                                                           ($function (superpose $importfunctions)))
                                                                          (import_prolog_function $function)))
[33m--> prolog clause -->
[32mimport_prolog_functions_from_file(A, B, C) :-
    A=D,
    exists_file(D),
    A=E,
    consult(E),
    F=G,
    superpose(B, G),
    import_prolog_function(F, C).
[33m^^^^^^^^^^^^^^^^^^^^^^
[0m[33m--> metta runnable  -->
[36m!(import_prolog_function use_module)
[33m-->  prolog goal  -->[35m 
:- findall(A, import_prolog_function(use_module, A), _).
[33m^^^^^^^^^^^^^^^^^^^^^^^
[0m[33m--> metta function -->
[36m(= (import_prolog_functions_from_module $prologfile $importfunctions) (let* (($prologfile (exists_file))
                                                                             ($prologfile (use_module))
                                                                             ($function (superpose $importfunctions)))
                                                                            (import_prolog_function $function)))
[33m--> prolog clause -->
[32mimport_prolog_functions_from_module(A, B, C) :-
    A=D,
    exists_file(D),
    A=E,
    use_module(E),
    F=G,
    superpose(B, G),
    import_prolog_function(F, C).
[33m^^^^^^^^^^^^^^^^^^^^^^
[0m[33m--> metta runnable  -->
[36m!(import_prolog_functions_from_file (library lib_import.pl) (static-import! git-import! use-module!))
[33m-->  prolog goal  -->[35m 
:- findall(A,
           ( library('lib_import.pl', B),
             import_prolog_functions_from_file(B,
                                               [ 'static-import!',
                                                 'git-import!',
                                                 'use-module!'
                                               ],
                                               A)
           ),
           _).
[33m^^^^^^^^^^^^^^^^^^^^^^^
[0m[33m--> metta runnable  -->
[36m!(import_prolog_functions_from_file "./effect_membranes/miter_integrity.pl" (miter_integrity_snapshot miter_integrity_verify))
[33m-->  prolog goal  -->[35m 
:- findall(A,
           import_prolog_functions_from_file("./effect_membranes/miter_integrity.pl",
                                             [ miter_integrity_snapshot,
                                               miter_integrity_verify
                                             ],
                                             A),
           _).
[33m^^^^^^^^^^^^^^^^^^^^^^^
[0m[33m--> metta runnable  -->
[36m!(import! &soul "/Users/claritymiter/miter/constitution/soul.metta")
[33m-->  prolog goal  -->[35m 
:- findall(A,
           'import!'('&soul',
                     "/Users/claritymiter/miter/constitution/soul.metta",
                     A),
           _).
[33m^^^^^^^^^^^^^^^^^^^^^^^
[0m[33m--> metta sexpr -->
[36m(soul-version miter-soul-poc-v1)
[33m^^^^^^^^^^^^^^^^^^^
[0m[33m--> metta sexpr -->
[36m(soul-project BGI-Miter)
[33m^^^^^^^^^^^^^^^^^^^
[0m[33m--> metta sexpr -->
[36m(soul-program Miter)
[33m^^^^^^^^^^^^^^^^^^^
[0m[33m--> metta sexpr -->
[36m(soul-standing provisional-computational-projection)
[33m^^^^^^^^^^^^^^^^^^^
[0m[33m--> metta sexpr -->
[36m(soul-value AgencyBalance "Preserve human choice and participation without delegating authority to model fluency.")
[33m^^^^^^^^^^^^^^^^^^^
[0m[33m--> metta sexpr -->
[36m(soul-required-standing AgencyBalance human-choice-open)
[33m^^^^^^^^^^^^^^^^^^^
[0m[33m--> metta sexpr -->
[36m(soul-causal SoulRequire AgencyBalance "Native witness guard; consumed by startup and later movement/voice admission.")
[33m^^^^^^^^^^^^^^^^^^^
[0m[33m--> metta sexpr -->
[36m(soul-pattern AgencyBalance)
[33m^^^^^^^^^^^^^^^^^^^
[0m[33m--> metta sexpr -->
[36m(soul-value CognitiveResilience "Keep uncertainty and revisable readings live under pressure.")
[33m^^^^^^^^^^^^^^^^^^^
[0m[33m--> metta sexpr -->
[36m(soul-required-standing CognitiveResilience uncertainty-preserved)
[33m^^^^^^^^^^^^^^^^^^^
[0m[33m--> metta sexpr -->
[36m(soul-causal SoulRequire CognitiveResilience "Native witness guard; consumed by startup and later movement/voice admission.")
[33m^^^^^^^^^^^^^^^^^^^
[0m[33m--> metta sexpr -->
[36m(soul-pattern CognitiveResilience)
[33m^^^^^^^^^^^^^^^^^^^
[0m[33m--> metta sexpr -->
[36m(soul-value ConnectionDepth "Receive the person without collapsing their experience into a task verdict.")
[33m^^^^^^^^^^^^^^^^^^^
[0m[33m--> metta sexpr -->
[36m(soul-required-standing ConnectionDepth person-received)
[33m^^^^^^^^^^^^^^^^^^^
[0m[33m--> metta sexpr -->
[36m(soul-causal SoulRequire ConnectionDepth "Native witness guard; consumed by startup and later movement/voice admission.")
[33m^^^^^^^^^^^^^^^^^^^
[0m[33m--> metta sexpr -->
[36m(soul-pattern ConnectionDepth)
[33m^^^^^^^^^^^^^^^^^^^
[0m[33m--> metta sexpr -->
[36m(soul-value WonderPreservation "Preserve a genuine open question rather than forcing brittle certainty.")
[33m^^^^^^^^^^^^^^^^^^^
[0m[33m--> metta sexpr -->
[36m(soul-required-standing WonderPreservation open-question-preserved)
[33m^^^^^^^^^^^^^^^^^^^
[0m[33m--> metta sexpr -->
[36m(soul-causal SoulRequire WonderPreservation "Native witness guard; consumed by startup and later movement/voice admission.")
[33m^^^^^^^^^^^^^^^^^^^
[0m[33m--> metta sexpr -->
[36m(soul-pattern WonderPreservation)
[33m^^^^^^^^^^^^^^^^^^^
[0m[33m--> metta sexpr -->
[36m(soul-value TimeCoherence "Continue from inspectable history and artifact lineage rather than a copied prompt.")
[33m^^^^^^^^^^^^^^^^^^^
[0m[33m--> metta sexpr -->
[36m(soul-required-standing TimeCoherence source-lineage-preserved)
[33m^^^^^^^^^^^^^^^^^^^
[0m[33m--> metta sexpr -->
[36m(soul-causal SoulRequire TimeCoherence "Native witness guard; consumed by startup and later movement/voice admission.")
[33m^^^^^^^^^^^^^^^^^^^
[0m[33m--> metta sexpr -->
[36m(soul-pattern TimeCoherence)
[33m^^^^^^^^^^^^^^^^^^^
[0m[33m--> metta sexpr -->
[36m(soul-value PurposeBeyondUtility "Do not let usefulness compensate for a failed purpose or constitutional floor.")
[33m^^^^^^^^^^^^^^^^^^^
[0m[33m--> metta sexpr -->
[36m(soul-required-standing PurposeBeyondUtility purpose-not-utility)
[33m^^^^^^^^^^^^^^^^^^^
[0m[33m--> metta sexpr -->
[36m(soul-causal SoulRequire PurposeBeyondUtility "Native witness guard; consumed by startup and later movement/voice admission.")
[33m^^^^^^^^^^^^^^^^^^^
[0m[33m--> metta sexpr -->
[36m(soul-pattern PurposeBeyondUtility)
[33m^^^^^^^^^^^^^^^^^^^
[0m[33m--> metta sexpr -->
[36m(soul-value SharedUnderstanding "Make the task distinctions and authority boundary explicit to the human.")
[33m^^^^^^^^^^^^^^^^^^^
[0m[33m--> metta sexpr -->
[36m(soul-required-standing SharedUnderstanding task-distinction-preserved)
[33m^^^^^^^^^^^^^^^^^^^
[0m[33m--> metta sexpr -->
[36m(soul-causal SoulRequire SharedUnderstanding "Native witness guard; consumed by startup and later movement/voice admission.")
[33m^^^^^^^^^^^^^^^^^^^
[0m[33m--> metta sexpr -->
[36m(soul-pattern SharedUnderstanding)
[33m^^^^^^^^^^^^^^^^^^^
[0m[33m--> metta sexpr -->
[36m(soul-value CreativeTranscendence "Allow novelty only with answerability and a governed candidate lifecycle.")
[33m^^^^^^^^^^^^^^^^^^^
[0m[33m--> metta sexpr -->
[36m(soul-required-standing CreativeTranscendence novelty-accountable)
[33m^^^^^^^^^^^^^^^^^^^
[0m[33m--> metta sexpr -->
[36m(soul-causal SoulRequire CreativeTranscendence "Native witness guard; consumed by startup and later movement/voice admission.")
[33m^^^^^^^^^^^^^^^^^^^
[0m[33m--> metta sexpr -->
[36m(soul-pattern CreativeTranscendence)
[33m^^^^^^^^^^^^^^^^^^^
[0m[33m--> metta sexpr -->
[36m(soul-value AttentionStewardship "Bound attention and yield to relevant contact instead of endless self-generation.")
[33m^^^^^^^^^^^^^^^^^^^
[0m[33m--> metta sexpr -->
[36m(soul-required-standing AttentionStewardship bounded-contact-sensitive)
[33m^^^^^^^^^^^^^^^^^^^
[0m[33m--> metta sexpr -->
[36m(soul-causal SoulRequire AttentionStewardship "Native witness guard; consumed by startup and later movement/voice admission.")
[33m^^^^^^^^^^^^^^^^^^^
[0m[33m--> metta sexpr -->
[36m(soul-pattern AttentionStewardship)
[33m^^^^^^^^^^^^^^^^^^^
[0m[33m--> metta sexpr -->
[36m(soul-value Safety "A failed safety floor cannot be compensated by usefulness.")
[33m^^^^^^^^^^^^^^^^^^^
[0m[33m--> metta sexpr -->
[36m(soul-required-standing Safety safety-preserved)
[33m^^^^^^^^^^^^^^^^^^^
[0m[33m--> metta sexpr -->
[36m(soul-causal SoulRequire Safety "Native witness guard; consumed by startup and later movement/voice admission.")
[33m^^^^^^^^^^^^^^^^^^^
[0m[33m--> metta sexpr -->
[36m(soul-value Integrity "Keep contact, inference, rendering and evidence standing distinct.")
[33m^^^^^^^^^^^^^^^^^^^
[0m[33m--> metta sexpr -->
[36m(soul-required-standing Integrity provenance-preserved)
[33m^^^^^^^^^^^^^^^^^^^
[0m[33m--> metta sexpr -->
[36m(soul-causal SoulRequire Integrity "Native witness guard; consumed by startup and later movement/voice admission.")
[33m^^^^^^^^^^^^^^^^^^^
[0m[33m--> metta sexpr -->
[36m(soul-value Identity "The running program is Miter; naming is not a second lineage.")
[33m^^^^^^^^^^^^^^^^^^^
[0m[33m--> metta sexpr -->
[36m(soul-required-standing Identity Miter)
[33m^^^^^^^^^^^^^^^^^^^
[0m[33m--> metta sexpr -->
[36m(soul-causal SoulRequire Identity "Native witness guard; consumed by startup and later movement/voice admission.")
[33m^^^^^^^^^^^^^^^^^^^
[0m[33m--> metta sexpr -->
[36m(soul-value NonSovereignty "Finite representations and model products do not become actuality or authority.")
[33m^^^^^^^^^^^^^^^^^^^
[0m[33m--> metta sexpr -->
[36m(soul-required-standing NonSovereignty finite-reading)
[33m^^^^^^^^^^^^^^^^^^^
[0m[33m--> metta sexpr -->
[36m(soul-causal SoulRequire NonSovereignty "Native witness guard; consumed by startup and later movement/voice admission.")
[33m^^^^^^^^^^^^^^^^^^^
[0m[33m--> metta sexpr -->
[36m(soul-value MemoryScope "Recall and disclosure require the authenticated principal, audience and project scope.")
[33m^^^^^^^^^^^^^^^^^^^
[0m[33m--> metta sexpr -->
[36m(soul-required-standing MemoryScope scope-witnessed)
[33m^^^^^^^^^^^^^^^^^^^
[0m[33m--> metta sexpr -->
[36m(soul-causal SoulRequire MemoryScope "Native witness guard; consumed by startup and later movement/voice admission.")
[33m^^^^^^^^^^^^^^^^^^^
[0m[33m--> metta sexpr -->
[36m(soul-value EffectAuthority "Capability and generation do not grant permission for external effects.")
[33m^^^^^^^^^^^^^^^^^^^
[0m[33m--> metta sexpr -->
[36m(soul-required-standing EffectAuthority permission-witnessed)
[33m^^^^^^^^^^^^^^^^^^^
[0m[33m--> metta sexpr -->
[36m(soul-causal SoulRequire EffectAuthority "Native witness guard; consumed by startup and later movement/voice admission.")
[33m^^^^^^^^^^^^^^^^^^^
[0m[33m--> metta sexpr -->
[36m(soul-value IndependentStanding "A candidate cannot be the sole source of its own promotion evidence.")
[33m^^^^^^^^^^^^^^^^^^^
[0m[33m--> metta sexpr -->
[36m(soul-required-standing IndependentStanding independent-evidence)
[33m^^^^^^^^^^^^^^^^^^^
[0m[33m--> metta sexpr -->
[36m(soul-causal SoulRequire IndependentStanding "Native witness guard; consumed by startup and later movement/voice admission.")
[33m^^^^^^^^^^^^^^^^^^^
[0m[33m--> metta sexpr -->
[36m(soul-value CandidateBoundary "Derived candidates remain quarantined until separately admitted.")
[33m^^^^^^^^^^^^^^^^^^^
[0m[33m--> metta sexpr -->
[36m(soul-required-standing CandidateBoundary quarantined)
[33m^^^^^^^^^^^^^^^^^^^
[0m[33m--> metta sexpr -->
[36m(soul-causal SoulRequire CandidateBoundary "Native witness guard; consumed by startup and later movement/voice admission.")
[33m^^^^^^^^^^^^^^^^^^^
[0m[33m--> metta sexpr -->
[36m(soul-relation AgencyWithUnderstanding AgencyBalance SharedUnderstanding lonely-sovereignty)
[33m^^^^^^^^^^^^^^^^^^^
[0m[33m--> metta sexpr -->
[36m(soul-causal SoulPairRequire AgencyWithUnderstanding "Both roles must remain witnessed; one cannot compensate for the other.")
[33m^^^^^^^^^^^^^^^^^^^
[0m[33m--> metta sexpr -->
[36m(soul-relation UnderstandingWithWonder SharedUnderstanding WonderPreservation sterile-consensus)
[33m^^^^^^^^^^^^^^^^^^^
[0m[33m--> metta sexpr -->
[36m(soul-causal SoulPairRequire UnderstandingWithWonder "Both roles must remain witnessed; one cannot compensate for the other.")
[33m^^^^^^^^^^^^^^^^^^^
[0m[33m--> metta sexpr -->
[36m(soul-relation ResilienceWithConnection CognitiveResilience ConnectionDepth impressive-detachment)
[33m^^^^^^^^^^^^^^^^^^^
[0m[33m--> metta sexpr -->
[36m(soul-causal SoulPairRequire ResilienceWithConnection "Both roles must remain witnessed; one cannot compensate for the other.")
[33m^^^^^^^^^^^^^^^^^^^
[0m[33m--> metta sexpr -->
[36m(soul-relation CreativityWithTime CreativeTranscendence TimeCoherence scattered-novelty)
[33m^^^^^^^^^^^^^^^^^^^
[0m[33m--> metta sexpr -->
[36m(soul-causal SoulPairRequire CreativityWithTime "Both roles must remain witnessed; one cannot compensate for the other.")
[33m^^^^^^^^^^^^^^^^^^^
[0m[33m--> metta sexpr -->
[36m(soul-relation PurposeWithAgency PurposeBeyondUtility AgencyBalance righteous-refusal-without-relationship)
[33m^^^^^^^^^^^^^^^^^^^
[0m[33m--> metta sexpr -->
[36m(soul-causal SoulPairRequire PurposeWithAgency "Both roles must remain witnessed; one cannot compensate for the other.")
[33m^^^^^^^^^^^^^^^^^^^
[0m[33m--> metta sexpr -->
[36m(soul-relation AttentionWithResilience AttentionStewardship CognitiveResilience efficient-but-brittle-focus)
[33m^^^^^^^^^^^^^^^^^^^
[0m[33m--> metta sexpr -->
[36m(soul-causal SoulPairRequire AttentionWithResilience "Both roles must remain witnessed; one cannot compensate for the other.")
[33m^^^^^^^^^^^^^^^^^^^
[0m[33m--> metta sexpr -->
[36m(soul-hard-floor Safety)
[33m^^^^^^^^^^^^^^^^^^^
[0m[33m--> metta sexpr -->
[36m(soul-hard-floor Integrity)
[33m^^^^^^^^^^^^^^^^^^^
[0m[33m--> metta runnable  -->
[36m!(import! &self "/Users/claritymiter/miter/src/soul.metta")
[33m-->  prolog goal  -->[35m 
:- findall(A,
           'import!'('&self', "/Users/claritymiter/miter/src/soul.metta", A),
           _).
[33m^^^^^^^^^^^^^^^^^^^^^^^
[0m[33m--> metta function -->
[36m(= (SoulExpected $value)
   (let $xs (collapse (match &soul (soul-required-standing $value $w) $w))
     (if (== (size-atom $xs) 1) (index-atom $xs 0) missing-doctrine)))
[33m--> prolog clause -->
[32m'SoulExpected'(A, B) :-
    C=D,
    findall(E,
            match('&soul',
                  ['soul-required-standing', A, E],
                  E,
                  E),
            D),
    'size-atom'(C, F),
    ==(F, 1, G),
    (   G==true
    ->  'index-atom'(C, 0, B)
    ;   B='missing-doctrine'
    ).
[33m^^^^^^^^^^^^^^^^^^^^^^
[0m[33m--> metta function -->
[36m(= (SoulRequire $value $witness)
   (let* (($values (collapse (match &soul (soul-value $value $d) $value)))
          ($expected (SoulExpected $value)))
     (if (and (== (size-atom $values) 1) (!= $expected missing-doctrine))
       (if (== $expected $witness) witnessed blocked)
       blocked)))
[33m--> prolog clause -->
[32m'SoulRequire'(A, B, C) :-
    D=E,
    findall(A,
            match('&soul', ['soul-value', A, _], A, A),
            E),
    F=G,
    'SoulExpected'(A, G),
    'size-atom'(D, H),
    ==(H, 1, I),
    '!='(F, 'missing-doctrine', J),
    and(I, J, K),
    (   K==true
    ->  ==(F, B, L),
        (   L==true
        ->  C=witnessed
        ;   C=blocked
        )
    ;   C=blocked
    ).
[33m^^^^^^^^^^^^^^^^^^^^^^
[0m[33m--> metta function -->
[36m(= (SoulPairRequire $relation $witnesses)
   (let* (($as (collapse (match &soul (soul-relation $relation $a $b $d) $a)))
          ($bs (collapse (match &soul (soul-relation $relation $a $b $d) $b))))
     (if (and (== (size-atom $as) 1) (== (size-atom $bs) 1))
       (if (is-expr $witnesses)
         (if (== (size-atom $witnesses) 2)
           (if (and
                 (== (SoulRequire (index-atom $as 0) (index-atom $witnesses 0)) witnessed)
                 (== (SoulRequire (index-atom $bs 0) (index-atom $witnesses 1)) witnessed))
             witnessed blocked)
           blocked)
         blocked)
       blocked)))
[33m--> prolog clause -->
[32m'SoulPairRequire'(A, B, C) :-
    D=E,
    findall(F,
            match('&soul',
                  ['soul-relation', A, F, G, H],
                  F,
                  F),
            E),
    I=J,
    findall(G,
            match('&soul',
                  ['soul-relation', A, F, G, H],
                  G,
                  G),
            J),
    'size-atom'(D, K),
    ==(K, 1, L),
    'size-atom'(I, M),
    ==(M, 1, N),
    and(L, N, O),
    (   O==true
    ->  'is-expr'(B, P),
        (   P==true
        ->  'size-atom'(B, Q),
            ==(Q, 2, R),
            (   R==true
            ->  'index-atom'(D, 0, S),
                'index-atom'(B, 0, T),
                'SoulRequire'(S, T, U),
                ==(U, witnessed, V),
                'index-atom'(I, 0, W),
                'index-atom'(B, 1, X),
                'SoulRequire'(W, X, Y),
                ==(Y, witnessed, Z),
                and(V, Z, A1),
                (   A1==true
                ->  C=witnessed
                ;   C=blocked
                )
            ;   C=blocked
            )
        ;   C=blocked
        )
    ;   C=blocked
    ).
[33m^^^^^^^^^^^^^^^^^^^^^^
[0m[33m--> metta function -->
[36m(= (SoulInvoke $proc $id $witness) ($proc $id $witness))
[33m--> prolog clause -->
[32m'SoulInvoke'(A, B, C, D) :-
    reduce([A, B, C], D).
[33m^^^^^^^^^^^^^^^^^^^^^^
[0m[33m--> metta function -->
[36m(= (SoulExercise $id $positive)
   (let $ps (collapse (match &soul (soul-causal $p $id $reason) $p))
     (if (== (size-atom $ps) 1)
       (let $p (index-atom $ps 0)
         (and (== (SoulInvoke $p $id $positive) witnessed)
              (== (SoulInvoke $p $id missing-witness) blocked)))
       false)))
[33m--> prolog clause -->
[32m'SoulExercise'(A, B, C) :-
    D=E,
    findall(F,
            match('&soul', ['soul-causal', F, A, _], F, F),
            E),
    'size-atom'(D, G),
    ==(G, 1, H),
    (   H==true
    ->  F=I,
        'index-atom'(D, 0, I),
        'SoulInvoke'(F, A, B, J),
        ==(J, witnessed, K),
        'SoulInvoke'(F, A, 'missing-witness', L),
        ==(L, blocked, M),
        and(K, M, C)
    ;   C=false
    ).
[33m^^^^^^^^^^^^^^^^^^^^^^
[0m[33m--> metta function -->
[36m(= (SoulAuditValues $ids $i)
   (if (< $i (size-atom $ids))
     (let $id (index-atom $ids $i)
       (if (SoulExercise $id (SoulExpected $id))
         (SoulAuditValues $ids (+ $i 1)) false))
     true))
[33m--> prolog clause -->
[32m'SoulAuditValues'(A, B, C) :-
    'size-atom'(A, D),
    <(B, D, E),
    (   E==true
    ->  F=G,
        'index-atom'(A, B, G),
        'SoulExpected'(F, H),
        'SoulExercise'(F, H, I),
        (   I==true
        ->  +(B, 1, J),
            'SoulAuditValues'(A, J, C)
        ;   C=false
        )
    ;   C=true
    ).
[33m^^^^^^^^^^^^^^^^^^^^^^
[0m[33m--> metta function -->
[36m(= (SoulPairPositive $relation)
   (let* (($as (collapse (match &soul (soul-relation $relation $a $b $d) $a)))
          ($bs (collapse (match &soul (soul-relation $relation $a $b $d) $b))))
     (if (and (== (size-atom $as) 1) (== (size-atom $bs) 1))
       ((SoulExpected (index-atom $as 0)) (SoulExpected (index-atom $bs 0)))
       malformed-relation)))
[33m--> prolog clause -->
[32m'SoulPairPositive'(A, B) :-
    C=D,
    findall(E,
            match('&soul',
                  ['soul-relation', A, E, F, G],
                  E,
                  E),
            D),
    H=I,
    findall(F,
            match('&soul',
                  ['soul-relation', A, E, F, G],
                  F,
                  F),
            I),
    'size-atom'(C, J),
    ==(J, 1, K),
    'size-atom'(H, L),
    ==(L, 1, M),
    and(K, M, N),
    (   N==true
    ->  'index-atom'(C, 0, O),
        'SoulExpected'(O, P),
        'index-atom'(H, 0, Q),
        'SoulExpected'(Q, R),
        reduce([P, R], B)
    ;   B='malformed-relation'
    ).
[33m^^^^^^^^^^^^^^^^^^^^^^
[0m[33m--> metta function -->
[36m(= (SoulAuditRelations $ids $i)
   (if (< $i (size-atom $ids))
     (let* (($id (index-atom $ids $i))
            ($positive (SoulPairPositive $id)))
       (if (and (SoulExercise $id $positive)
                (== (SoulPairRequire $id ((index-atom $positive 0) missing-witness)) blocked))
         (SoulAuditRelations $ids (+ $i 1)) false))
     true))
[33m--> prolog clause -->
[32m'SoulAuditRelations'(A, B, C) :-
    'size-atom'(A, D),
    <(B, D, E),
    (   E==true
    ->  F=G,
        'index-atom'(A, B, G),
        H=I,
        'SoulPairPositive'(F, I),
        'SoulExercise'(F, H, J),
        'index-atom'(H, 0, K),
        reduce([K, 'missing-witness'], L),
        'SoulPairRequire'(F, L, M),
        ==(M, blocked, N),
        and(J, N, O),
        (   O==true
        ->  +(B, 1, P),
            'SoulAuditRelations'(A, P, C)
        ;   C=false
        )
    ;   C=true
    ).
[33m^^^^^^^^^^^^^^^^^^^^^^
[0m[33m--> metta function -->
[36m(= (SoulRationalityAudit)
   (let* (($values (collapse (match &soul (soul-value $v $d) $v)))
          ($relations (collapse (match &soul (soul-relation $r $a $b $d) $r)))
          ($links (collapse (match &soul (soul-causal $p $id $reason) $id))))
     (if (and (> (size-atom $values) 0)
              (== (size-atom $links) (+ (size-atom $values) (size-atom $relations))))
       (and (SoulAuditValues $values 0) (SoulAuditRelations $relations 0))
       false)))
[33m--> prolog clause -->
[32m'SoulRationalityAudit'(A) :-
    B=C,
    findall(D,
            match('&soul', ['soul-value', D, E], D, D),
            C),
    F=G,
    findall(H,
            match('&soul',
                  ['soul-relation', H, _, _, E],
                  H,
                  H),
            G),
    I=J,
    findall(K,
            match('&soul',
                  ['soul-causal', _, K, _],
                  K,
                  K),
            J),
    'size-atom'(B, L),
    >(L, 0, M),
    'size-atom'(I, N),
    'size-atom'(B, O),
    'size-atom'(F, P),
    +(O, P, Q),
    ==(N, Q, R),
    and(M, R, S),
    (   S==true
    ->  'SoulAuditValues'(B, 0, T),
        'SoulAuditRelations'(F, 0, U),
        and(T, U, A)
    ;   A=false
    ).
[33m^^^^^^^^^^^^^^^^^^^^^^
[0m[33m--> metta function -->
[36m(= (SoulStartup $integrity)
   (if (== $integrity soul-integrity-verified)
     (if (SoulRationalityAudit) soul-ready soul-startup-blocked)
     soul-startup-blocked))
[33m--> prolog clause -->
[32m'SoulStartup'(A, B) :-
    ==(A, 'soul-integrity-verified', C),
    (   C==true
    ->  'SoulRationalityAudit'(D),
        (   D==true
        ->  B='soul-ready'
        ;   B='soul-startup-blocked'
        )
    ;   B='soul-startup-blocked'
    ).
[33m^^^^^^^^^^^^^^^^^^^^^^
[0m[33m--> metta function -->
[36m(= (SoulBoot $report)
   (SoulStartup (miter_integrity_verify
     "/Users/claritymiter/miter/constitution/authority-manifest.json" $report)))
[33m--> prolog clause -->
[32m'SoulBoot'(A, B) :-
    miter_integrity_verify("/Users/claritymiter/miter/constitution/authority-manifest.json",
                           A,
                           C),
    'SoulStartup'(C, B).
[33m^^^^^^^^^^^^^^^^^^^^^^
[0m[33m--> metta runnable  -->
[36m!(add-atom &soul (soul-value Orphan "No causal consumer."))
[33m-->  prolog goal  -->[35m 
:- findall(A,
           'add-atom'('&soul', ['soul-value', 'Orphan', "No causal consumer."], A),
           _).
[33m^^^^^^^^^^^^^^^^^^^^^^^
[0m[33m--> metta runnable  -->
[36m!(SoulRationalityAudit)
[33m-->  prolog goal  -->[35m 
:- findall(A, 'SoulRationalityAudit'(A), _).
[33m^^^^^^^^^^^^^^^^^^^^^^^
[0m[33m--> metta runnable  -->
[36m!(SoulStartup soul-integrity-verified)
[33m-->  prolog goal  -->[35m 
:- findall(A, 'SoulStartup'('soul-integrity-verified', A), _).
[33m^^^^^^^^^^^^^^^^^^^^^^^
[0m[33m--> metta runnable  -->
[36m!(SoulBoot "runtime/g13/orphan-integrity.json")
[33m-->  prolog goal  -->[35m 
:- findall(A,
           'SoulBoot'("runtime/g13/orphan-integrity.json", A),
           _).
[33m^^^^^^^^^^^^^^^^^^^^^^^
[0mtrue
true
true
true
true
true
false
soul-startup-blocked
soul-startup-blocked
