true
(result canonical (tests bridge))
(result reordered (bridge tests))
(result bridge-only (bridge))
(result tests-only (tests))
(result unknown ())
(result severed (bridge))
(result ready true)
(result prior-files ((surface-candidate-file extension/mattermost_bridge.pl :- module(miter_mattermost_bridge, [surface_ingest/5, surface_effect/5, surface_reconnect/4, surface_panic/2]).

:- use_module(library(dicts)).

surface_ingest(Config, State0, Frame, State, Outcome) :-
    (   Frame = {server_id:SID, team_id:TID, channel_id:CID, user_id:UID, event:E, data:D, seq:Seq}
    ;   Frame = {server_id:SID, team_id:TID, channel_id:CID, user_id:UID, event:E, data:D, seq:Seq, _:_}
    ),
    (   SID == Config.server_id, TID == Config.team_id, CID == Config.channel_id, UID == Config.user_id
    ->  true
    ;   State = State0, Outcome = {status:rejected, reason:unauthorized}, !
    ),
    (   E == posted, D = {id:PID, root_id:RID, create_at:TS}
    ;   E == post_edited, D = {id:PID, root_id:RID, edit_at:TS}
    ),
    (   TS > State0.cursor
    ->  true
    ;   State = State0, Outcome = {status:suppressed, reason:stale_cursor}, !
    ),
    (   State0.seen =.. [_, PID, TS]
    ->  State = State0, Outcome = {status:suppressed, reason:duplicate}, !
    ;   true
    ),
    State = State0.put(cursor, TS).put(seen, [PID, TS]),
    Outcome = {status:accepted, event:{schema:miter-surface-event-v1, server_id:SID, team_id:TID, channel_id:CID, user_id:UID, post_id:PID, root_id:RID, event_timestamp:TS, cursor:Seq, authorization_ref:Config.auth_ref}}.

surface_effect(Config, State0, Effect, State, Outcome) :-
    (   State0.panic == true
    ->  State = State0, Outcome = {status:rejected, reason:panic_active}, !
    ;   Effect = {schema:miter-surface-effect-v1, id:ID, idempotency_key:IK, channel_id:CID, message:M}
    ->  (   CID == Config.channel_id
        ->  true
        ;   State = State0, Outcome = {status:rejected, reason:unauthorized_channel}, !
        ),
        (   State0.effects =.. [_, ID, IK]
        ->  State = State0, Outcome = {status:suppressed, reason:duplicate_effect}, !
        ;   true
        ),
        State = State0.put(effects, [ID, IK]),
        Outcome = {status:accepted, descriptor:{method:post, path:/api/v4/posts, body:{channel_id:CID, message:M}, idempotency_key:IK}}
    ;   State = State0, Outcome = {status:rejected, reason:invalid_effect}
    ).

surface_reconnect(Config, State0, Cursor, Outcome) :-
    (   Cursor >= State0.cursor
    ->  Outcome = {status:accepted, resume_cursor:Cursor}
    ;   Outcome = {status:rejected, reason:stale_cursor}
    ).

surface_panic(State0, State) :-
    State = State0.put(panic, true). 7da3093811b0dfa105b73dfa3de400fa5ef216b4a2d6f346d77c1a4c0a059019) (surface-candidate-file candidate_tests/mattermost_contract_tests.pl :- use_module(library(plunit)).
:- use_module(library(dicts)).
:- use_module('../extension/mattermost_bridge.pl').

:- begin_tests(mattermost_bridge).

:- test(authorized_stable_event_mapping).
    (   Config = {server_id:s1, team_id:t1, channel_id:c1, user_id:u1, auth_ref:a1},
        State0 = {cursor:0, seen:[], effects:[], panic:false},
        Frame = {server_id:s1, team_id:t1, channel_id:c1, user_id:u1, event:posted, data:{id:p1, root_id:r1, create_at:100}, seq:1},
        surface_ingest(Config, State0, Frame, State, Outcome),
        Outcome = {status:accepted, event:E},
        E = {schema:miter-surface-event-v1, server_id:s1, team_id:t1, channel_id:c1, user_id:u1, post_id:p1, root_id:r1, event_timestamp:100, cursor:1, authorization_ref:a1},
        State = {cursor:100, seen:[p1,100], effects:[], panic:false}
    ).

:- test(duplicate_suppression).
    (   Config = {server_id:s1, team_id:t1, channel_id:c1, user_id:u1, auth_ref:a1},
        State0 = {cursor:100, seen:[p1,100], effects:[], panic:false},
        Frame = {server_id:s1, team_id:t1, channel_id:c1, user_id:u1, event:posted, data:{id:p1, root_id:r1, create_at:100}, seq:2},
        surface_ingest(Config, State0, Frame, State, Outcome),
        Outcome = {status:suppressed, reason:duplicate},
        State = State0
    ).

:- test(edited_post_distinction).
    (   Config = {server_id:s1, team_id:t1, channel_id:c1, user_id:u1, auth_ref:a1},
        State0 = {cursor:100, seen:[p1,100], effects:[], panic:false},
        Frame = {server_id:s1, team_id:t1, channel_id:c1, user_id:u1, event:post_edited, data:{id:p1, root_id:r1, edit_at:200}, seq:3},
        surface_ingest(Config, State0, Frame, State, Outcome),
        Outcome = {status:accepted, event:E},
        E = {schema:miter-surface-event-v1, server_id:s1, team_id:t1, channel_id:c1, user_id:u1, post_id:p1, root_id:r1, event_timestamp:200, cursor:3, authorization_ref:a1},
        State = {cursor:200, seen:[p1,200], effects:[], panic:false}
    ).

:- test(unauthorized_channel_user_before_payload).
    (   Config = {server_id:s1, team_id:t1, channel_id:c1, user_id:u1, auth_ref:a1},
        State0 = {cursor:0, seen:[], effects:[], panic:false},
        Frame = {server_id:s1, team_id:t1, channel_id:c2, user_id:u1, event:posted, data:{id:p1, root_id:r1, create_at:100}, seq:1},
        surface_ingest(Config, State0, Frame, State, Outcome),
        Outcome = {status:rejected, reason:unauthorized},
        State = State0
    ).

:- test(idempotent_outbound_request).
    (   Config = {server_id:s1, team_id:t1, channel_id:c1, user_id:u1, auth_ref:a1},
        State0 = {cursor:0, seen:[], effects:[], panic:false},
        Effect = {schema:miter-surface-effect-v1, id:e1, idempotency_key:k1, channel_id:c1, message:hello},
        surface_effect(Config, State0, Effect, State, Outcome),
        Outcome = {status:accepted, descriptor:D},
        D = {method:post, path:/api/v4/posts, body:{channel_id:c1, message:hello}, idempotency_key:k1},
        State = {cursor:0, seen:[], effects:[e1,k1], panic:false},
        surface_effect(Config, State, Effect, State2, Outcome2),
        Outcome2 = {status:suppressed, reason:duplicate_effect},
        State2 = State
    ).

:- test(malformed_send_failure_rejection).
    (   Config = {server_id:s1, team_id:t1, channel_id:c1, user_id:u1, auth_ref:a1},
        State0 = {cursor:0, seen:[], effects:[], panic:false},
        Effect = {schema:miter-surface-effect-v1, id:e1, idempotency_key:k1, channel_id:c2, message:hello},
        surface_effect(Config, State0, Effect, State, Outcome),
        Outcome = {status:rejected, reason:unauthorized_channel},
        State = State0
    ).

:- test(reconnect_and_cursor_resume).
    (   Config = {server_id:s1, team_id:t1, channel_id:c1, user_id:u1, auth_ref:a1},
        State0 = {cursor:100, seen:[], effects:[], panic:false},
        surface_reconnect(Config, State0, 150, Outcome),
        Outcome = {status:accepted, resume_cursor:150},
        surface_reconnect(Config, State0, 50, Outcome2),
        Outcome2 = {status:rejected, reason:stale_cursor}
    ).

:- test(panic_denial).
    (   Config = {server_id:s1, team_id:t1, channel_id:c1, user_id:u1, auth_ref:a1},
        State0 = {cursor:0, seen:[], effects:[], panic:false},
        surface_panic(State0, State1),
        State1 = {cursor:0, seen:[], effects:[], panic:true},
        Effect = {schema:miter-surface-effect-v1, id:e1, idempotency_key:k1, channel_id:c1, message:hello},
        surface_effect(Config, State1, Effect, State2, Outcome),
        Outcome = {status:rejected, reason:panic_active},
        State2 = State1
    ).

:- end_tests(mattermost_bridge). a0b9035b7025abf2ee8483c5cdc39417c8f705008ba9d39f772798a409b159e6)))
(result first-path extension/mattermost_bridge.pl)
(result repair-name repair-bridge-1)
